Welcome to Ubuntu 24.04.2 LTS (GNU/Linux 6.6.87.2-microsoft-standard-WSL2 x86_64)

 * Documentation:  https://help.ubuntu.com
 * Management:     https://landscape.canonical.com
 * Support:        https://ubuntu.com/pro

 System information as of Tue Sep  2 08:54:43 +05 2025

  System load:  0.16                Processes:             88
  Usage of /:   4.1% of 1006.85GB   Users logged in:       0
  Memory usage: 3%                  IPv4 address for eth0: 172.23.195.156
  Swap usage:   0%

 * Strictly confined Kubernetes makes edge and IoT secure. Learn how MicroK8s
   just raised the bar for easy, resilient and secure K8s cluster deployment.

   https://ubuntu.com/engage/secure-kubernetes-at-the-edge

This message is shown once a day. To disable it please create the
/home/fum/.hushlogin file.
fum@IVANCOM-FC4Q91U:~$ cd /home
fum@IVANCOM-FC4Q91U:/home$ sudo mkdir my_dir
[sudo] password for fum:
fum@IVANCOM-FC4Q91U:/home$ cd my_dir
fum@IVANCOM-FC4Q91U:/home/my_dir$ sudo touch my_file.txt
fum@IVANCOM-FC4Q91U:/home/my_dir$ sudo chmod 600 my_file.txt
fum@IVANCOM-FC4Q91U:/home/my_dir$ sudo ls -l my_file.txt
-rw------- 1 root root 0 Sep  2 08:56 my_file.txt
fum@IVANCOM-FC4Q91U:/home/my_dir$ cat my_file.txt
cat: my_file.txt: Permission denied
fum@IVANCOM-FC4Q91U:/home/my_dir$ sudo cat my_file.txt
fum@IVANCOM-FC4Q91U:/home/my_dir$ cd ..
fum@IVANCOM-FC4Q91U:/home$ sudo mkdir another_dir
fum@IVANCOM-FC4Q91U:/home$ sudo cp my_dir/my_file.txt another_dir/
fum@IVANCOM-FC4Q91U:/home$ cd another_dir/
fum@IVANCOM-FC4Q91U:/home/another_dir$ ls
my_file.txt
fum@IVANCOM-FC4Q91U:/home/another_dir$ curl --help
Usage: curl [options...] <url>
 -d, --data <data>          HTTP POST data
 -f, --fail                 Fail fast with no output on HTTP errors
 -h, --help <category>      Get help for commands
 -i, --include              Include protocol response headers in the output
 -o, --output <file>        Write to file instead of stdout
 -O, --remote-name          Write output to a file named as the remote file
 -s, --silent               Silent mode
 -T, --upload-file <file>   Transfer local FILE to destination
 -u, --user <user:password> Server user and password
 -A, --user-agent <name>    Send User-Agent <name> to server
 -v, --verbose              Make the operation more talkative
 -V, --version              Show version number and quit

This is not the full help, this menu is stripped into categories.
Use "--help category" to get an overview of all categories.
For all options use the manual or "--help all".
fum@IVANCOM-FC4Q91U:/home/another_dir$          curl https://jsonplaceholder.typicode.com/posts
[
  {
    "userId": 1,
    "id": 1,
    "title": "sunt aut facere repellat provident occaecati excepturi optio reprehenderit",
    "body": "quia et suscipit\nsuscipit recusandae consequuntur expedita et cum\nreprehenderit molestiae ut ut quas totam\nnostrum rerum est autem sunt rem eveniet architecto"
  },
  {
    "userId": 1,
    "id": 2,
    "title": "qui est esse",
    "body": "est rerum tempore vitae\nsequi sint nihil reprehenderit dolor beatae ea dolores neque\nfugiat blanditiis voluptate porro vel nihil molestiae ut reiciendis\nqui aperiam non debitis possimus qui neque nisi nulla"
  },
  {
    "userId": 1,
    "id": 3,
    "title": "ea molestias quasi exercitationem repellat qui ipsa sit aut",
    "body": "et iusto sed quo iure\nvoluptatem occaecati omnis eligendi aut ad\nvoluptatem doloribus vel accusantium quis pariatur\nmolestiae porro eius odio et labore et velit aut"
  },
  {
    "userId": 1,
    "id": 4,
    "title": "eum et est occaecati",
    "body": "ullam et saepe reiciendis voluptatem adipisci\nsit amet autem assumenda provident rerum culpa\nquis hic commodi nesciunt rem tenetur doloremque ipsam iure\nquis sunt voluptatem rerum illo velit"
  },
  {
    "userId": 1,
    "id": 5,
    "title": "nesciunt quas odio",
    "body": "repudiandae veniam quaerat sunt sed\nalias aut fugiat sit autem sed est\nvoluptatem omnis possimus esse voluptatibus quis\nest aut tenetur dolor neque"
  },
  {
    "userId": 1,
    "id": 6,
    "title": "dolorem eum magni eos aperiam quia",
    "body": "ut aspernatur corporis harum nihil quis provident sequi\nmollitia nobis aliquid molestiae\nperspiciatis et ea nemo ab reprehenderit accusantium quas\nvoluptate dolores velit et doloremque molestiae"
  },
  {
    "userId": 1,
    "id": 7,
    "title": "magnam facilis autem",
    "body": "dolore placeat quibusdam ea quo vitae\nmagni quis enim qui quis quo nemo aut saepe\nquidem repellat excepturi ut quia\nsunt ut sequi eos ea sed quas"
  },
  {
    "userId": 1,
    "id": 8,
    "title": "dolorem dolore est ipsam",
    "body": "dignissimos aperiam dolorem qui eum\nfacilis quibusdam animi sint suscipit qui sint possimus cum\nquaerat magni maiores excepturi\nipsam ut commodi dolor voluptatum modi aut vitae"
  },
  {
    "userId": 1,
    "id": 9,
    "title": "nesciunt iure omnis dolorem tempora et accusantium",
    "body": "consectetur animi nesciunt iure dolore\nenim quia ad\nveniam autem ut quam aut nobis\net est aut quod aut provident voluptas autem voluptas"
  },
  {
    "userId": 1,
    "id": 10,
    "title": "optio molestias id quia eum",
    "body": "quo et expedita modi cum officia vel magni\ndoloribus qui repudiandae\nvero nisi sit\nquos veniam quod sed accusamus veritatis error"
  },
  {
    "userId": 2,
    "id": 11,
    "title": "et ea vero quia laudantium autem",
    "body": "delectus reiciendis molestiae occaecati non minima eveniet qui voluptatibus\naccusamus in eum beatae sit\nvel qui neque voluptates ut commodi qui incidunt\nut animi commodi"
  },
  {
    "userId": 2,
    "id": 12,
    "title": "in quibusdam tempore odit est dolorem",
    "body": "itaque id aut magnam\npraesentium quia et ea odit et ea voluptas et\nsapiente quia nihil amet occaecati quia id voluptatem\nincidunt ea est distinctio odio"
  },
  {
    "userId": 2,
    "id": 13,
    "title": "dolorum ut in voluptas mollitia et saepe quo animi",
    "body": "aut dicta possimus sint mollitia voluptas commodi quo doloremque\niste corrupti reiciendis voluptatem eius rerum\nsit cumque quod eligendi laborum minima\nperferendis recusandae assumenda consectetur porro architecto ipsum ipsam"
  },
  {
    "userId": 2,
    "id": 14,
    "title": "voluptatem eligendi optio",
    "body": "fuga et accusamus dolorum perferendis illo voluptas\nnon doloremque neque facere\nad qui dolorum molestiae beatae\nsed aut voluptas totam sit illum"
  },
  {
    "userId": 2,
    "id": 15,
    "title": "eveniet quod temporibus",
    "body": "reprehenderit quos placeat\nvelit minima officia dolores impedit repudiandae molestiae nam\nvoluptas recusandae quis delectus\nofficiis harum fugiat vitae"
  },
  {
    "userId": 2,
    "id": 16,
    "title": "sint suscipit perspiciatis velit dolorum rerum ipsa laboriosam odio",
    "body": "suscipit nam nisi quo aperiam aut\nasperiores eos fugit maiores voluptatibus quia\nvoluptatem quis ullam qui in alias quia est\nconsequatur magni mollitia accusamus ea nisi voluptate dicta"
  },
  {
    "userId": 2,
    "id": 17,
    "title": "fugit voluptas sed molestias voluptatem provident",
    "body": "eos voluptas et aut odit natus earum\naspernatur fuga molestiae ullam\ndeserunt ratione qui eos\nqui nihil ratione nemo velit ut aut id quo"
  },
  {
    "userId": 2,
    "id": 18,
    "title": "voluptate et itaque vero tempora molestiae",
    "body": "eveniet quo quis\nlaborum totam consequatur non dolor\nut et est repudiandae\nest voluptatem vel debitis et magnam"
  },
  {
    "userId": 2,
    "id": 19,
    "title": "adipisci placeat illum aut reiciendis qui",
    "body": "illum quis cupiditate provident sit magnam\nea sed aut omnis\nveniam maiores ullam consequatur atque\nadipisci quo iste expedita sit quos voluptas"
  },
  {
    "userId": 2,
    "id": 20,
    "title": "doloribus ad provident suscipit at",
    "body": "qui consequuntur ducimus possimus quisquam amet similique\nsuscipit porro ipsam amet\neos veritatis officiis exercitationem vel fugit aut necessitatibus totam\nomnis rerum consequatur expedita quidem cumque explicabo"
  },
  {
    "userId": 3,
    "id": 21,
    "title": "asperiores ea ipsam voluptatibus modi minima quia sint",
    "body": "repellat aliquid praesentium dolorem quo\nsed totam minus non itaque\nnihil labore molestiae sunt dolor eveniet hic recusandae veniam\ntempora et tenetur expedita sunt"
  },
  {
    "userId": 3,
    "id": 22,
    "title": "dolor sint quo a velit explicabo quia nam",
    "body": "eos qui et ipsum ipsam suscipit aut\nsed omnis non odio\nexpedita earum mollitia molestiae aut atque rem suscipit\nnam impedit esse"
  },
  {
    "userId": 3,
    "id": 23,
    "title": "maxime id vitae nihil numquam",
    "body": "veritatis unde neque eligendi\nquae quod architecto quo neque vitae\nest illo sit tempora doloremque fugit quod\net et vel beatae sequi ullam sed tenetur perspiciatis"
  },
  {
    "userId": 3,
    "id": 24,
    "title": "autem hic labore sunt dolores incidunt",
    "body": "enim et ex nulla\nomnis voluptas quia qui\nvoluptatem consequatur numquam aliquam sunt\ntotam recusandae id dignissimos aut sed asperiores deserunt"
  },
  {
    "userId": 3,
    "id": 25,
    "title": "rem alias distinctio quo quis",
    "body": "ullam consequatur ut\nomnis quis sit vel consequuntur\nipsa eligendi ipsum molestiae et omnis error nostrum\nmolestiae illo tempore quia et distinctio"
  },
  {
    "userId": 3,
    "id": 26,
    "title": "est et quae odit qui non",
    "body": "similique esse doloribus nihil accusamus\nomnis dolorem fuga consequuntur reprehenderit fugit recusandae temporibus\nperspiciatis cum ut laudantium\nomnis aut molestiae vel vero"
  },
  {
    "userId": 3,
    "id": 27,
    "title": "quasi id et eos tenetur aut quo autem",
    "body": "eum sed dolores ipsam sint possimus debitis occaecati\ndebitis qui qui et\nut placeat enim earum aut odit facilis\nconsequatur suscipit necessitatibus rerum sed inventore temporibus consequatur"
  },
  {
    "userId": 3,
    "id": 28,
    "title": "delectus ullam et corporis nulla voluptas sequi",
    "body": "non et quaerat ex quae ad maiores\nmaiores recusandae totam aut blanditiis mollitia quas illo\nut voluptatibus voluptatem\nsimilique nostrum eum"
  },
  {
    "userId": 3,
    "id": 29,
    "title": "iusto eius quod necessitatibus culpa ea",
    "body": "odit magnam ut saepe sed non qui\ntempora atque nihil\naccusamus illum doloribus illo dolor\neligendi repudiandae odit magni similique sed cum maiores"
  },
  {
    "userId": 3,
    "id": 30,
    "title": "a quo magni similique perferendis",
    "body": "alias dolor cumque\nimpedit blanditiis non eveniet odio maxime\nblanditiis amet eius quis tempora quia autem rem\na provident perspiciatis quia"
  },
  {
    "userId": 4,
    "id": 31,
    "title": "ullam ut quidem id aut vel consequuntur",
    "body": "debitis eius sed quibusdam non quis consectetur vitae\nimpedit ut qui consequatur sed aut in\nquidem sit nostrum et maiores adipisci atque\nquaerat voluptatem adipisci repudiandae"
  },
  {
    "userId": 4,
    "id": 32,
    "title": "doloremque illum aliquid sunt",
    "body": "deserunt eos nobis asperiores et hic\nest debitis repellat molestiae optio\nnihil ratione ut eos beatae quibusdam distinctio maiores\nearum voluptates et aut adipisci ea maiores voluptas maxime"
  },
  {
    "userId": 4,
    "id": 33,
    "title": "qui explicabo molestiae dolorem",
    "body": "rerum ut et numquam laborum odit est sit\nid qui sint in\nquasi tenetur tempore aperiam et quaerat qui in\nrerum officiis sequi cumque quod"
  },
  {
    "userId": 4,
    "id": 34,
    "title": "magnam ut rerum iure",
    "body": "ea velit perferendis earum ut voluptatem voluptate itaque iusto\ntotam pariatur in\nnemo voluptatem voluptatem autem magni tempora minima in\nest distinctio qui assumenda accusamus dignissimos officia nesciunt nobis"
  },
  {
    "userId": 4,
    "id": 35,
    "title": "id nihil consequatur molestias animi provident",
    "body": "nisi error delectus possimus ut eligendi vitae\nplaceat eos harum cupiditate facilis reprehenderit voluptatem beatae\nmodi ducimus quo illum voluptas eligendi\net nobis quia fugit"
  },
  {
    "userId": 4,
    "id": 36,
    "title": "fuga nam accusamus voluptas reiciendis itaque",
    "body": "ad mollitia et omnis minus architecto odit\nvoluptas doloremque maxime aut non ipsa qui alias veniam\nblanditiis culpa aut quia nihil cumque facere et occaecati\nqui aspernatur quia eaque ut aperiam inventore"
  },
  {
    "userId": 4,
    "id": 37,
    "title": "provident vel ut sit ratione est",
    "body": "debitis et eaque non officia sed nesciunt pariatur vel\nvoluptatem iste vero et ea\nnumquam aut expedita ipsum nulla in\nvoluptates omnis consequatur aut enim officiis in quam qui"
  },
  {
    "userId": 4,
    "id": 38,
    "title": "explicabo et eos deleniti nostrum ab id repellendus",
    "body": "animi esse sit aut sit nesciunt assumenda eum voluptas\nquia voluptatibus provident quia necessitatibus ea\nrerum repudiandae quia voluptatem delectus fugit aut id quia\nratione optio eos iusto veniam iure"
  },
  {
    "userId": 4,
    "id": 39,
    "title": "eos dolorem iste accusantium est eaque quam",
    "body": "corporis rerum ducimus vel eum accusantium\nmaxime aspernatur a porro possimus iste omnis\nest in deleniti asperiores fuga aut\nvoluptas sapiente vel dolore minus voluptatem incidunt ex"
  },
  {
    "userId": 4,
    "id": 40,
    "title": "enim quo cumque",
    "body": "ut voluptatum aliquid illo tenetur nemo sequi quo facilis\nipsum rem optio mollitia quas\nvoluptatem eum voluptas qui\nunde omnis voluptatem iure quasi maxime voluptas nam"
  },
  {
    "userId": 5,
    "id": 41,
    "title": "non est facere",
    "body": "molestias id nostrum\nexcepturi molestiae dolore omnis repellendus quaerat saepe\nconsectetur iste quaerat tenetur asperiores accusamus ex ut\nnam quidem est ducimus sunt debitis saepe"
  },
  {
    "userId": 5,
    "id": 42,
    "title": "commodi ullam sint et excepturi error explicabo praesentium voluptas",
    "body": "odio fugit voluptatum ducimus earum autem est incidunt voluptatem\nodit reiciendis aliquam sunt sequi nulla dolorem\nnon facere repellendus voluptates quia\nratione harum vitae ut"
  },
  {
    "userId": 5,
    "id": 43,
    "title": "eligendi iste nostrum consequuntur adipisci praesentium sit beatae perferendis",
    "body": "similique fugit est\nillum et dolorum harum et voluptate eaque quidem\nexercitationem quos nam commodi possimus cum odio nihil nulla\ndolorum exercitationem magnam ex et a et distinctio debitis"
  },
  {
    "userId": 5,
    "id": 44,
    "title": "optio dolor molestias sit",
    "body": "temporibus est consectetur dolore\net libero debitis vel velit laboriosam quia\nipsum quibusdam qui itaque fuga rem aut\nea et iure quam sed maxime ut distinctio quae"
  },
  {
    "userId": 5,
    "id": 45,
    "title": "ut numquam possimus omnis eius suscipit laudantium iure",
    "body": "est natus reiciendis nihil possimus aut provident\nex et dolor\nrepellat pariatur est\nnobis rerum repellendus dolorem autem"
  },
  {
    "userId": 5,
    "id": 46,
    "title": "aut quo modi neque nostrum ducimus",
    "body": "voluptatem quisquam iste\nvoluptatibus natus officiis facilis dolorem\nquis quas ipsam\nvel et voluptatum in aliquid"
  },
  {
    "userId": 5,
    "id": 47,
    "title": "quibusdam cumque rem aut deserunt",
    "body": "voluptatem assumenda ut qui ut cupiditate aut impedit veniam\noccaecati nemo illum voluptatem laudantium\nmolestiae beatae rerum ea iure soluta nostrum\neligendi et voluptate"
  },
  {
    "userId": 5,
    "id": 48,
    "title": "ut voluptatem illum ea doloribus itaque eos",
    "body": "voluptates quo voluptatem facilis iure occaecati\nvel assumenda rerum officia et\nillum perspiciatis ab deleniti\nlaudantium repellat ad ut et autem reprehenderit"
  },
  {
    "userId": 5,
    "id": 49,
    "title": "laborum non sunt aut ut assumenda perspiciatis voluptas",
    "body": "inventore ab sint\nnatus fugit id nulla sequi architecto nihil quaerat\neos tenetur in in eum veritatis non\nquibusdam officiis aspernatur cumque aut commodi aut"
  },
  {
    "userId": 5,
    "id": 50,
    "title": "repellendus qui recusandae incidunt voluptates tenetur qui omnis exercitationem",
    "body": "error suscipit maxime adipisci consequuntur recusandae\nvoluptas eligendi et est et voluptates\nquia distinctio ab amet quaerat molestiae et vitae\nadipisci impedit sequi nesciunt quis consectetur"
  },
  {
    "userId": 6,
    "id": 51,
    "title": "soluta aliquam aperiam consequatur illo quis voluptas",
    "body": "sunt dolores aut doloribus\ndolore doloribus voluptates tempora et\ndoloremque et quo\ncum asperiores sit consectetur dolorem"
  },
  {
    "userId": 6,
    "id": 52,
    "title": "qui enim et consequuntur quia animi quis voluptate quibusdam",
    "body": "iusto est quibusdam fuga quas quaerat molestias\na enim ut sit accusamus enim\ntemporibus iusto accusantium provident architecto\nsoluta esse reprehenderit qui laborum"
  },
  {
    "userId": 6,
    "id": 53,
    "title": "ut quo aut ducimus alias",
    "body": "minima harum praesentium eum rerum illo dolore\nquasi exercitationem rerum nam\nporro quis neque quo\nconsequatur minus dolor quidem veritatis sunt non explicabo similique"
  },
  {
    "userId": 6,
    "id": 54,
    "title": "sit asperiores ipsam eveniet odio non quia",
    "body": "totam corporis dignissimos\nvitae dolorem ut occaecati accusamus\nex velit deserunt\net exercitationem vero incidunt corrupti mollitia"
  },
  {
    "userId": 6,
    "id": 55,
    "title": "sit vel voluptatem et non libero",
    "body": "debitis excepturi ea perferendis harum libero optio\neos accusamus cum fuga ut sapiente repudiandae\net ut incidunt omnis molestiae\nnihil ut eum odit"
  },
  {
    "userId": 6,
    "id": 56,
    "title": "qui et at rerum necessitatibus",
    "body": "aut est omnis dolores\nneque rerum quod ea rerum velit pariatur beatae excepturi\net provident voluptas corrupti\ncorporis harum reprehenderit dolores eligendi"
  },
  {
    "userId": 6,
    "id": 57,
    "title": "sed ab est est",
    "body": "at pariatur consequuntur earum quidem\nquo est laudantium soluta voluptatem\nqui ullam et est\net cum voluptas voluptatum repellat est"
  },
  {
    "userId": 6,
    "id": 58,
    "title": "voluptatum itaque dolores nisi et quasi",
    "body": "veniam voluptatum quae adipisci id\net id quia eos ad et dolorem\naliquam quo nisi sunt eos impedit error\nad similique veniam"
  },
  {
    "userId": 6,
    "id": 59,
    "title": "qui commodi dolor at maiores et quis id accusantium",
    "body": "perspiciatis et quam ea autem temporibus non voluptatibus qui\nbeatae a earum officia nesciunt dolores suscipit voluptas et\nanimi doloribus cum rerum quas et magni\net hic ut ut commodi expedita sunt"
  },
  {
    "userId": 6,
    "id": 60,
    "title": "consequatur placeat omnis quisquam quia reprehenderit fugit veritatis facere",
    "body": "asperiores sunt ab assumenda cumque modi velit\nqui esse omnis\nvoluptate et fuga perferendis voluptas\nillo ratione amet aut et omnis"
  },
  {
    "userId": 7,
    "id": 61,
    "title": "voluptatem doloribus consectetur est ut ducimus",
    "body": "ab nemo optio odio\ndelectus tenetur corporis similique nobis repellendus rerum omnis facilis\nvero blanditiis debitis in nesciunt doloribus dicta dolores\nmagnam minus velit"
  },
  {
    "userId": 7,
    "id": 62,
    "title": "beatae enim quia vel",
    "body": "enim aspernatur illo distinctio quae praesentium\nbeatae alias amet delectus qui voluptate distinctio\nodit sint accusantium autem omnis\nquo molestiae omnis ea eveniet optio"
  },
  {
    "userId": 7,
    "id": 63,
    "title": "voluptas blanditiis repellendus animi ducimus error sapiente et suscipit",
    "body": "enim adipisci aspernatur nemo\nnumquam omnis facere dolorem dolor ex quis temporibus incidunt\nab delectus culpa quo reprehenderit blanditiis asperiores\naccusantium ut quam in voluptatibus voluptas ipsam dicta"
  },
  {
    "userId": 7,
    "id": 64,
    "title": "et fugit quas eum in in aperiam quod",
    "body": "id velit blanditiis\neum ea voluptatem\nmolestiae sint occaecati est eos perspiciatis\nincidunt a error provident eaque aut aut qui"
  },
  {
    "userId": 7,
    "id": 65,
    "title": "consequatur id enim sunt et et",
    "body": "voluptatibus ex esse\nsint explicabo est aliquid cumque adipisci fuga repellat labore\nmolestiae corrupti ex saepe at asperiores et perferendis\nnatus id esse incidunt pariatur"
  },
  {
    "userId": 7,
    "id": 66,
    "title": "repudiandae ea animi iusto",
    "body": "officia veritatis tenetur vero qui itaque\nsint non ratione\nsed et ut asperiores iusto eos molestiae nostrum\nveritatis quibusdam et nemo iusto saepe"
  },
  {
    "userId": 7,
    "id": 67,
    "title": "aliquid eos sed fuga est maxime repellendus",
    "body": "reprehenderit id nostrum\nvoluptas doloremque pariatur sint et accusantium quia quod aspernatur\net fugiat amet\nnon sapiente et consequatur necessitatibus molestiae"
  },
  {
    "userId": 7,
    "id": 68,
    "title": "odio quis facere architecto reiciendis optio",
    "body": "magnam molestiae perferendis quisquam\nqui cum reiciendis\nquaerat animi amet hic inventore\nea quia deleniti quidem saepe porro velit"
  },
  {
    "userId": 7,
    "id": 69,
    "title": "fugiat quod pariatur odit minima",
    "body": "officiis error culpa consequatur modi asperiores et\ndolorum assumenda voluptas et vel qui aut vel rerum\nvoluptatum quisquam perspiciatis quia rerum consequatur totam quas\nsequi commodi repudiandae asperiores et saepe a"
  },
  {
    "userId": 7,
    "id": 70,
    "title": "voluptatem laborum magni",
    "body": "sunt repellendus quae\nest asperiores aut deleniti esse accusamus repellendus quia aut\nquia dolorem unde\neum tempora esse dolore"
  },
  {
    "userId": 8,
    "id": 71,
    "title": "et iusto veniam et illum aut fuga",
    "body": "occaecati a doloribus\niste saepe consectetur placeat eum voluptate dolorem et\nqui quo quia voluptas\nrerum ut id enim velit est perferendis"
  },
  {
    "userId": 8,
    "id": 72,
    "title": "sint hic doloribus consequatur eos non id",
    "body": "quam occaecati qui deleniti consectetur\nconsequatur aut facere quas exercitationem aliquam hic voluptas\nneque id sunt ut aut accusamus\nsunt consectetur expedita inventore velit"
  },
  {
    "userId": 8,
    "id": 73,
    "title": "consequuntur deleniti eos quia temporibus ab aliquid at",
    "body": "voluptatem cumque tenetur consequatur expedita ipsum nemo quia explicabo\naut eum minima consequatur\ntempore cumque quae est et\net in consequuntur voluptatem voluptates aut"
  },
  {
    "userId": 8,
    "id": 74,
    "title": "enim unde ratione doloribus quas enim ut sit sapiente",
    "body": "odit qui et et necessitatibus sint veniam\nmollitia amet doloremque molestiae commodi similique magnam et quam\nblanditiis est itaque\nquo et tenetur ratione occaecati molestiae tempora"
  },
  {
    "userId": 8,
    "id": 75,
    "title": "dignissimos eum dolor ut enim et delectus in",
    "body": "commodi non non omnis et voluptas sit\nautem aut nobis magnam et sapiente voluptatem\net laborum repellat qui delectus facilis temporibus\nrerum amet et nemo voluptate expedita adipisci error dolorem"
  },
  {
    "userId": 8,
    "id": 76,
    "title": "doloremque officiis ad et non perferendis",
    "body": "ut animi facere\ntotam iusto tempore\nmolestiae eum aut et dolorem aperiam\nquaerat recusandae totam odio"
  },
  {
    "userId": 8,
    "id": 77,
    "title": "necessitatibus quasi exercitationem odio",
    "body": "modi ut in nulla repudiandae dolorum nostrum eos\naut consequatur omnis\nut incidunt est omnis iste et quam\nvoluptates sapiente aliquam asperiores nobis amet corrupti repudiandae provident"
  },
  {
    "userId": 8,
    "id": 78,
    "title": "quam voluptatibus rerum veritatis",
    "body": "nobis facilis odit tempore cupiditate quia\nassumenda doloribus rerum qui ea\nillum et qui totam\naut veniam repellendus"
  },
  {
    "userId": 8,
    "id": 79,
    "title": "pariatur consequatur quia magnam autem omnis non amet",
    "body": "libero accusantium et et facere incidunt sit dolorem\nnon excepturi qui quia sed laudantium\nquisquam molestiae ducimus est\nofficiis esse molestiae iste et quos"
  },
  {
    "userId": 8,
    "id": 80,
    "title": "labore in ex et explicabo corporis aut quas",
    "body": "ex quod dolorem ea eum iure qui provident amet\nquia qui facere excepturi et repudiandae\nasperiores molestias provident\nminus incidunt vero fugit rerum sint sunt excepturi provident"
  },
  {
    "userId": 9,
    "id": 81,
    "title": "tempora rem veritatis voluptas quo dolores vero",
    "body": "facere qui nesciunt est voluptatum voluptatem nisi\nsequi eligendi necessitatibus ea at rerum itaque\nharum non ratione velit laboriosam quis consequuntur\nex officiis minima doloremque voluptas ut aut"
  },
  {
    "userId": 9,
    "id": 82,
    "title": "laudantium voluptate suscipit sunt enim enim",
    "body": "ut libero sit aut totam inventore sunt\nporro sint qui sunt molestiae\nconsequatur cupiditate qui iste ducimus adipisci\ndolor enim assumenda soluta laboriosam amet iste delectus hic"
  },
  {
    "userId": 9,
    "id": 83,
    "title": "odit et voluptates doloribus alias odio et",
    "body": "est molestiae facilis quis tempora numquam nihil qui\nvoluptate sapiente consequatur est qui\nnecessitatibus autem aut ipsa aperiam modi dolore numquam\nreprehenderit eius rem quibusdam"
  },
  {
    "userId": 9,
    "id": 84,
    "title": "optio ipsam molestias necessitatibus occaecati facilis veritatis dolores aut",
    "body": "sint molestiae magni a et quos\neaque et quasi\nut rerum debitis similique veniam\nrecusandae dignissimos dolor incidunt consequatur odio"
  },
  {
    "userId": 9,
    "id": 85,
    "title": "dolore veritatis porro provident adipisci blanditiis et sunt",
    "body": "similique sed nisi voluptas iusto omnis\nmollitia et quo\nassumenda suscipit officia magnam sint sed tempora\nenim provident pariatur praesentium atque animi amet ratione"
  },
  {
    "userId": 9,
    "id": 86,
    "title": "placeat quia et porro iste",
    "body": "quasi excepturi consequatur iste autem temporibus sed molestiae beatae\net quaerat et esse ut\nvoluptatem occaecati et vel explicabo autem\nasperiores pariatur deserunt optio"
  },
  {
    "userId": 9,
    "id": 87,
    "title": "nostrum quis quasi placeat",
    "body": "eos et molestiae\nnesciunt ut a\ndolores perspiciatis repellendus repellat aliquid\nmagnam sint rem ipsum est"
  },
  {
    "userId": 9,
    "id": 88,
    "title": "sapiente omnis fugit eos",
    "body": "consequatur omnis est praesentium\nducimus non iste\nneque hic deserunt\nvoluptatibus veniam cum et rerum sed"
  },
  {
    "userId": 9,
    "id": 89,
    "title": "sint soluta et vel magnam aut ut sed qui",
    "body": "repellat aut aperiam totam temporibus autem et\narchitecto magnam ut\nconsequatur qui cupiditate rerum quia soluta dignissimos nihil iure\ntempore quas est"
  },
  {
    "userId": 9,
    "id": 90,
    "title": "ad iusto omnis odit dolor voluptatibus",
    "body": "minus omnis soluta quia\nqui sed adipisci voluptates illum ipsam voluptatem\neligendi officia ut in\neos soluta similique molestias praesentium blanditiis"
  },
  {
    "userId": 10,
    "id": 91,
    "title": "aut amet sed",
    "body": "libero voluptate eveniet aperiam sed\nsunt placeat suscipit molestias\nsimilique fugit nam natus\nexpedita consequatur consequatur dolores quia eos et placeat"
  },
  {
    "userId": 10,
    "id": 92,
    "title": "ratione ex tenetur perferendis",
    "body": "aut et excepturi dicta laudantium sint rerum nihil\nlaudantium et at\na neque minima officia et similique libero et\ncommodi voluptate qui"
  },
  {
    "userId": 10,
    "id": 93,
    "title": "beatae soluta recusandae",
    "body": "dolorem quibusdam ducimus consequuntur dicta aut quo laboriosam\nvoluptatem quis enim recusandae ut sed sunt\nnostrum est odit totam\nsit error sed sunt eveniet provident qui nulla"
  },
  {
    "userId": 10,
    "id": 94,
    "title": "qui qui voluptates illo iste minima",
    "body": "aspernatur expedita soluta quo ab ut similique\nexpedita dolores amet\nsed temporibus distinctio magnam saepe deleniti\nomnis facilis nam ipsum natus sint similique omnis"
  },
  {
    "userId": 10,
    "id": 95,
    "title": "id minus libero illum nam ad officiis",
    "body": "earum voluptatem facere provident blanditiis velit laboriosam\npariatur accusamus odio saepe\ncumque dolor qui a dicta ab doloribus consequatur omnis\ncorporis cupiditate eaque assumenda ad nesciunt"
  },
  {
    "userId": 10,
    "id": 96,
    "title": "quaerat velit veniam amet cupiditate aut numquam ut sequi",
    "body": "in non odio excepturi sint eum\nlabore voluptates vitae quia qui et\ninventore itaque rerum\nveniam non exercitationem delectus aut"
  },
  {
    "userId": 10,
    "id": 97,
    "title": "quas fugiat ut perspiciatis vero provident",
    "body": "eum non blanditiis soluta porro quibusdam voluptas\nvel voluptatem qui placeat dolores qui velit aut\nvel inventore aut cumque culpa explicabo aliquid at\nperspiciatis est et voluptatem dignissimos dolor itaque sit nam"
  },
  {
    "userId": 10,
    "id": 98,
    "title": "laboriosam dolor voluptates",
    "body": "doloremque ex facilis sit sint culpa\nsoluta assumenda eligendi non ut eius\nsequi ducimus vel quasi\nveritatis est dolores"
  },
  {
    "userId": 10,
    "id": 99,
    "title": "temporibus sit alias delectus eligendi possimus magni",
    "body": "quo deleniti praesentium dicta non quod\naut est molestias\nmolestias et officia quis nihil\nitaque dolorem quia"
  },
  {
    "userId": 10,
    "id": 100,
    "title": "at nam consequatur ea labore ea harum",
    "body": "cupiditate quo est a modi nesciunt soluta\nipsa voluptas error itaque dicta in\nautem qui minus magnam et distinctio eum\naccusamus ratione error aut"
  }
]fum@IVANCOM-FC4Q91U:/home/another_dir$ curl -o save.json https://jsonplaceholder.typicode.com/poss
  % Total    % Received % Xferd  Average Speed   Time    Time     Time  Current
                                 Dload  Upload   Total   Spent    Left  Speed
  0     0    0     0    0     0      0      0 --:--:-- --:--:-- --:--:--     0Warning: Failed to open the file save.json: Permission denied
  0     2    0     0    0     0      0      0 --:--:-- --:--:-- --:--:--     0
curl: (23) Failure writing output to destination
fum@IVANCOM-FC4Q91U:/home/another_dir$ curl -I https://jsonplaceholder.typicode.com/posts
HTTP/2 200
date: Tue, 02 Sep 2025 03:58:40 GMT
content-type: application/json; charset=utf-8
cf-ray: 978a171d999bf131-DME
access-control-allow-credentials: true
cache-control: max-age=43200
etag: W/"6b80-Ybsq/K6GwwqrYkAsFxqDXGC7DoM"
expires: -1
nel: {"report_to":"heroku-nel","response_headers":["Via"],"max_age":3600,"success_fraction":0.01,"failure_fraction":0.1}
pragma: no-cache
report-to: {"group":"heroku-nel","endpoints":[{"url":"https://nel.heroku.com/reports?s=mTsDheTAxiPJg%2BQtWTusopAhYHU%2FI9AypLLM%2B%2BjT9WI%3D\u0026sid=e11707d5-02a7-43ef-b45e-2cf4d2036f7d\u0026ts=1754406208"}],"max_age":3600}
reporting-endpoints: heroku-nel="https://nel.heroku.com/reports?s=mTsDheTAxiPJg%2BQtWTusopAhYHU%2FI9AypLLM%2B%2BjT9WI%3D&sid=e11707d5-02a7-43ef-b45e-2cf4d2036f7d&ts=1754406208"
vary: Origin, Accept-Encoding
via: 2.0 heroku-router
x-content-type-options: nosniff
x-powered-by: Express
x-ratelimit-limit: 1000
x-ratelimit-remaining: 999
x-ratelimit-reset: 1754406249
age: 23098
cf-cache-status: HIT
server: cloudflare
alt-svc: h3=":443"; ma=86400
server-timing: cfL4;desc="?proto=TCP&rtt=53150&min_rtt=53075&rtt_var=15059&sent=6&recv=8&lost=0&retrans=0&sent_bytes=3388&recv_bytes=764&delivery_rate=75950&cwnd=48&unsent_bytes=0&cid=551236c01f0cfd71&ts=101&x=0"

fum@IVANCOM-FC4Q91U:/home/another_dir$          curl -X POST -H "Content-Type: application/json" \
  -d '{"title": "foo", "body": "bar", "userId": 1}' \
  https://jsonplaceholder.typicode.com/post
{}fum@IVANCOM-FC4Q91U:/home/another_dir$ ls -la
total 8
drwxr-xr-x 2 root root 4096 Sep  2 08:57 .
drwxr-xr-x 6 root root 4096 Sep  2 08:57 ..
-rw------- 1 root root    0 Sep  2 08:57 my_file.txt
fum@IVANCOM-FC4Q91U:/home/another_dir$ ls
my_file.txt
fum@IVANCOM-FC4Q91U:/home/another_dir$ sudo curl -o save.json https://jsonplaceholder.typicode.com/poss
  % Total    % Received % Xferd  Average Speed   Time    Time     Time  Current
                                 Dload  Upload   Total   Spent    Left  Speed
100     2  100     2    0     0      2      0  0:00:01 --:--:--  0:00:01     2
fum@IVANCOM-FC4Q91U:/home/another_dir$ ls
my_file.txt  save.json
fum@IVANCOM-FC4Q91U:/home/another_dir$ ls -la
total 12
drwxr-xr-x 2 root root 4096 Sep  2 08:59 .
drwxr-xr-x 6 root root 4096 Sep  2 08:57 ..
-rw------- 1 root root    0 Sep  2 08:57 my_file.txt
-rw-r--r-- 1 root root    2 Sep  2 08:59 save.json
fum@IVANCOM-FC4Q91U:/home/another_dir$ tar --help
Usage: tar [OPTION...] [FILE]...
GNU 'tar' saves many files together into a single tape or disk archive, and can
restore individual files from the archive.

Examples:
  tar -cf archive.tar foo bar  # Create archive.tar from files foo and bar.
  tar -tvf archive.tar         # List all files in archive.tar verbosely.
  tar -xf archive.tar          # Extract all files from archive.tar.

 Main operation mode:
  -A, --catenate, --concatenate   append tar files to an archive
  -c, --create               create a new archive
      --delete               delete from the archive (not on mag tapes!)
  -d, --diff, --compare      find differences between archive and file system
  -r, --append               append files to the end of an archive
      --test-label           test the archive volume label and exit
  -t, --list                 list the contents of an archive
  -u, --update               only append files newer than copy in archive
  -x, --extract, --get       extract files from an archive

 Operation modifiers:

      --check-device         check device numbers when creating incremental
                             archives (default)
  -g, --listed-incremental=FILE   handle new GNU-format incremental backup
  -G, --incremental          handle old GNU-format incremental backup
      --hole-detection=TYPE  technique to detect holes
      --ignore-failed-read   do not exit with nonzero on unreadable files
      --level=NUMBER         dump level for created listed-incremental archive
      --no-check-device      do not check device numbers when creating
                             incremental archives
      --no-seek              archive is not seekable
  -n, --seek                 archive is seekable
      --occurrence[=NUMBER]  process only the NUMBERth occurrence of each file
                             in the archive; this option is valid only in
                             conjunction with one of the subcommands --delete,
                             --diff, --extract or --list and when a list of
                             files is given either on the command line or via
                             the -T option; NUMBER defaults to 1
      --sparse-version=MAJOR[.MINOR]
                             set version of the sparse format to use (implies
                             --sparse)
  -S, --sparse               handle sparse files efficiently

 Local file name selection:
      --add-file=FILE        add given FILE to the archive (useful if its name
                             starts with a dash)
  -C, --directory=DIR        change to directory DIR
      --exclude=PATTERN      exclude files, given as a PATTERN
      --exclude-backups      exclude backup and lock files
      --exclude-caches       exclude contents of directories containing
                             CACHEDIR.TAG, except for the tag file itself
      --exclude-caches-all   exclude directories containing CACHEDIR.TAG
      --exclude-caches-under exclude everything under directories containing
                             CACHEDIR.TAG
      --exclude-ignore=FILE  read exclude patterns for each directory from
                             FILE, if it exists
      --exclude-ignore-recursive=FILE
                             read exclude patterns for each directory and its
                             subdirectories from FILE, if it exists
      --exclude-tag=FILE     exclude contents of directories containing FILE,
                             except for FILE itself
      --exclude-tag-all=FILE exclude directories containing FILE
      --exclude-tag-under=FILE   exclude everything under directories
                             containing FILE
      --exclude-vcs          exclude version control system directories
      --exclude-vcs-ignores  read exclude patterns from the VCS ignore files
      --no-null              disable the effect of the previous --null option
      --no-recursion         avoid descending automatically in directories
      --no-unquote           do not unquote input file or member names
      --no-verbatim-files-from   -T treats file names starting with dash as
                             options (default)
      --null                 -T reads null-terminated names; implies
                             --verbatim-files-from
      --recursion            recurse into directories (default)
  -T, --files-from=FILE      get names to extract or create from FILE
      --unquote              unquote input file or member names (default)
      --verbatim-files-from  -T reads file names verbatim (no escape or option
                             handling)
  -X, --exclude-from=FILE    exclude patterns listed in FILE

 File name matching options (affect both exclude and include patterns):

      --anchored             patterns match file name start
      --ignore-case          ignore case
      --no-anchored          patterns match after any '/' (default for
                             exclusion)
      --no-ignore-case       case sensitive matching (default)
      --no-wildcards         verbatim string matching
      --no-wildcards-match-slash   wildcards do not match '/'
      --wildcards            use wildcards (default for exclusion)
      --wildcards-match-slash   wildcards match '/' (default for exclusion)

 Overwrite control:

      --keep-directory-symlink   preserve existing symlinks to directories when
                             extracting
      --keep-newer-files     don't replace existing files that are newer than
                             their archive copies
  -k, --keep-old-files       don't replace existing files when extracting,
                             treat them as errors
      --no-overwrite-dir     preserve metadata of existing directories
      --one-top-level[=DIR]  create a subdirectory to avoid having loose files
                             extracted
      --overwrite            overwrite existing files when extracting
      --overwrite-dir        overwrite metadata of existing directories when
                             extracting (default)
      --recursive-unlink     empty hierarchies prior to extracting directory
      --remove-files         remove files after adding them to the archive
      --skip-old-files       don't replace existing files when extracting,
                             silently skip over them
  -U, --unlink-first         remove each file prior to extracting over it
  -W, --verify               attempt to verify the archive after writing it

 Select output stream:

      --ignore-command-error ignore exit codes of children
      --no-ignore-command-error   treat non-zero exit codes of children as
                             error
  -O, --to-stdout            extract files to standard output
      --to-command=COMMAND   pipe extracted files to another program

 Handling of file attributes:

      --atime-preserve[=METHOD]   preserve access times on dumped files, either
                             by restoring the times after reading
                             (METHOD='replace'; default) or by not setting the
                             times in the first place (METHOD='system')
      --clamp-mtime          only set time when the file is more recent than
                             what was given with --mtime
      --delay-directory-restore   delay setting modification times and
                             permissions of extracted directories until the end
                             of extraction
      --group=NAME           force NAME as group for added files
      --group-map=FILE       use FILE to map file owner GIDs and names
      --mode=CHANGES         force (symbolic) mode CHANGES for added files
      --mtime=DATE-OR-FILE   set mtime for added files from DATE-OR-FILE
  -m, --touch                don't extract file modified time
      --no-delay-directory-restore
                             cancel the effect of --delay-directory-restore
                             option
      --no-same-owner        extract files as yourself (default for ordinary
                             users)
      --no-same-permissions  apply the user's umask when extracting permissions
                             from the archive (default for ordinary users)
      --numeric-owner        always use numbers for user/group names
      --owner=NAME           force NAME as owner for added files
      --owner-map=FILE       use FILE to map file owner UIDs and names
  -p, --preserve-permissions, --same-permissions
                             extract information about file permissions
                             (default for superuser)
      --same-owner           try extracting files with the same ownership as
                             exists in the archive (default for superuser)
      --sort=ORDER           directory sorting order: none (default), name or
                             inode
  -s, --preserve-order, --same-order
                             member arguments are listed in the same order as
                             the files in the archive

 Handling of extended file attributes:

      --acls                 Enable the POSIX ACLs support
      --no-acls              Disable the POSIX ACLs support
      --no-selinux           Disable the SELinux context support
      --no-xattrs            Disable extended attributes support
      --selinux              Enable the SELinux context support
      --xattrs               Enable extended attributes support
      --xattrs-exclude=MASK  specify the exclude pattern for xattr keys
      --xattrs-include=MASK  specify the include pattern for xattr keys

 Device selection and switching:

      --force-local          archive file is local even if it has a colon
  -f, --file=ARCHIVE         use archive file or device ARCHIVE
  -F, --info-script=NAME, --new-volume-script=NAME
                             run script at end of each tape (implies -M)
  -L, --tape-length=NUMBER   change tape after writing NUMBER x 1024 bytes
  -M, --multi-volume         create/list/extract multi-volume archive
      --rmt-command=COMMAND  use given rmt COMMAND instead of rmt
      --rsh-command=COMMAND  use remote COMMAND instead of rsh
      --volno-file=FILE      use/update the volume number in FILE

 Device blocking:

  -b, --blocking-factor=BLOCKS   BLOCKS x 512 bytes per record
  -B, --read-full-records    reblock as we read (for 4.2BSD pipes)
  -i, --ignore-zeros         ignore zeroed blocks in archive (means EOF)
      --record-size=NUMBER   NUMBER of bytes per record, multiple of 512

 Archive format selection:

  -H, --format=FORMAT        create archive of the given format

 FORMAT is one of the following:
    gnu                      GNU tar 1.13.x format
    oldgnu                   GNU format as per tar <= 1.12
    pax                      POSIX 1003.1-2001 (pax) format
    posix                    same as pax
    ustar                    POSIX 1003.1-1988 (ustar) format
    v7                       old V7 tar format

      --old-archive, --portability
                             same as --format=v7
      --pax-option=keyword[[:]=value][,keyword[[:]=value]]...
                             control pax keywords
      --posix                same as --format=posix
  -V, --label=TEXT           create archive with volume name TEXT; at
                             list/extract time, use TEXT as a globbing pattern
                             for volume name

 Compression options:

  -a, --auto-compress        use archive suffix to determine the compression
                             program
  -I, --use-compress-program=PROG
                             filter through PROG (must accept -d)
  -j, --bzip2                filter the archive through bzip2
  -J, --xz                   filter the archive through xz
      --lzip                 filter the archive through lzip
      --lzma                 filter the archive through xz
      --lzop                 filter the archive through lzop
      --no-auto-compress     do not use archive suffix to determine the
                             compression program
      --zstd                 filter the archive through zstd
  -z, --gzip, --gunzip, --ungzip   filter the archive through gzip
  -Z, --compress, --uncompress   filter the archive through compress

 Local file selection:

      --backup[=CONTROL]     backup before removal, choose version CONTROL
      --hard-dereference     follow hard links; archive and dump the files they
                             refer to
  -h, --dereference          follow symlinks; archive and dump the files they
                             point to
  -K, --starting-file=MEMBER-NAME
                             begin at member MEMBER-NAME when reading the
                             archive
      --newer-mtime=DATE     compare date and time when data changed only
  -N, --newer=DATE-OR-FILE, --after-date=DATE-OR-FILE
                             only store files newer than DATE-OR-FILE
      --one-file-system      stay in local file system when creating archive
  -P, --absolute-names       don't strip leading '/'s from file names
      --suffix=STRING        backup before removal, override usual suffix ('~'
                             unless overridden by environment variable
                             SIMPLE_BACKUP_SUFFIX)

 File name transformations:

      --strip-components=NUMBER   strip NUMBER leading components from file
                             names on extraction
      --transform=EXPRESSION, --xform=EXPRESSION
                             use sed replace EXPRESSION to transform file
                             names

 Informative output:

      --checkpoint[=NUMBER]  display progress messages every NUMBERth record
                             (default 10)
      --checkpoint-action=ACTION   execute ACTION on each checkpoint
      --full-time            print file time to its full resolution
      --index-file=FILE      send verbose output to FILE
  -l, --check-links          print a message if not all links are dumped
      --no-quote-chars=STRING   disable quoting for characters from STRING
      --quote-chars=STRING   additionally quote characters from STRING
      --quoting-style=STYLE  set name quoting style; see below for valid STYLE
                             values
  -R, --block-number         show block number within archive with each message

      --show-defaults        show tar defaults
      --show-omitted-dirs    when listing or extracting, list each directory
                             that does not match search criteria
      --show-snapshot-field-ranges
                             show valid ranges for snapshot-file fields
      --show-transformed-names, --show-stored-names
                             show file or archive names after transformation
      --totals[=SIGNAL]      print total bytes after processing the archive;
                             with an argument - print total bytes when this
                             SIGNAL is delivered; Allowed signals are: SIGHUP,
                             SIGQUIT, SIGINT, SIGUSR1 and SIGUSR2; the names
                             without SIG prefix are also accepted
      --utc                  print file modification times in UTC
  -v, --verbose              verbosely list files processed
      --warning=KEYWORD      warning control
  -w, --interactive, --confirmation
                             ask for confirmation for every action

 Compatibility options:

  -o                         when creating, same as --old-archive; when
                             extracting, same as --no-same-owner

 Other options:

  -?, --help                 give this help list
      --restrict             disable use of some potentially harmful options
      --usage                give a short usage message
      --version              print program version

Mandatory or optional arguments to long options are also mandatory or optional
for any corresponding short options.

The backup suffix is '~', unless set with --suffix or SIMPLE_BACKUP_SUFFIX.
The version control may be set with --backup or VERSION_CONTROL, values are:

  none, off       never make backups
  t, numbered     make numbered backups
  nil, existing   numbered if numbered backups exist, simple otherwise
  never, simple   always make simple backups

Valid arguments for the --quoting-style option are:

  literal
  shell
  shell-always
  shell-escape
  shell-escape-always
  c
  c-maybe
  escape
  locale
  clocale

*This* tar defaults to:
--format=gnu -f- -b20 --quoting-style=escape --rmt-command=/usr/sbin/rmt
--rsh-command=/usr/bin/rsh
fum@IVANCOM-FC4Q91U:/home/another_dir$ cd ..
fum@IVANCOM-FC4Q91U:/home$ sudo tar -czvf another_dir.tar.gz another_dir
another_dir/
another_dir/my_file.txt
another_dir/save.json
fum@IVANCOM-FC4Q91U:/home$ ls
another_dir  another_dir.tar.gz  fum  my_dir
fum@IVANCOM-FC4Q91U:/home$ sudo mkdir another_another_dir
fum@IVANCOM-FC4Q91U:/home$ sudo tar -xzvf another_dir.tar.gz -C another_another_dir
another_dir/
another_dir/my_file.txt
another_dir/save.json
fum@IVANCOM-FC4Q91U:/home$ cd another_another_dir/
fum@IVANCOM-FC4Q91U:/home/another_another_dir$ ls
another_dir
fum@IVANCOM-FC4Q91U:/home/another_another_dir$ cd another_dir/
fum@IVANCOM-FC4Q91U:/home/another_another_dir/another_dir$ ls
my_file.txt  save.json
fum@IVANCOM-FC4Q91U:/home/another_another_dir/another_dir$
